// Jest Snapshot v1, https://goo.gl/fbAQLP

exports[`Theme snapshot should match the stable snapshot of the generated theme 1`] = `
{
  "colors": {
    "activityBar.activeBackground": "#1a1b26",
    "activityBar.activeBorder": "#7dcfff",
    "activityBar.background": "#1f2230",
    "activityBar.foreground": "#c0caf5",
    "activityBar.inactiveForeground": "#8087a7",
    "activityBarBadge.background": "#007acc",
    "activityBarBadge.foreground": "#ffffff",
    "badge.background": "#007acc",
    "badge.foreground": "#ffffff",
    "breadcrumb.activeSelectionForeground": "#c0caf5",
    "breadcrumb.focusForeground": "#c0caf5",
    "breadcrumb.foreground": "#c0caf5",
    "button.background": "#007acc",
    "button.border": "#202230",
    "button.foreground": "#ffffff",
    "button.hoverBackground": "#0d7fd1",
    "button.secondaryBackground": "#1f2230",
    "button.secondaryForeground": "#c0caf5",
    "button.secondaryHoverBackground": "#232634",
    "button.separator": "#202230",
    "checkbox.foreground": "#c0caf5",
    "commandCenter.activeBackground": "#232739",
    "commandCenter.activeForeground": "#c0caf5",
    "commandCenter.background": "#1a1b26",
    "commandCenter.border": "#202230",
    "commandCenter.foreground": "#c0caf5",
    "debugExceptionWidget.background": "#232739",
    "debugExceptionWidget.border": "#30344c",
    "debugIcon.breakpointCurrentStackframeForeground": "#7dcfff",
    "debugIcon.breakpointDisabledForeground": "#f38da080",
    "debugIcon.breakpointForeground": "#f38da0",
    "debugIcon.breakpointStackframeForeground": "#7dcfffb3",
    "debugIcon.breakpointUnverifiedForeground": "#9d7cd8",
    "debugToolBar.background": "#232739",
    "debugToolBar.border": "#7aa2f766",
    "descriptionForeground": "#c0caf5",
    "diffEditor.diagonalFill": "#232739",
    "diffEditor.insertedLineBackground": "#b8d39b14",
    "diffEditor.insertedTextBackground": "#b8d39b1f",
    "diffEditor.removedLineBackground": "#f38da014",
    "diffEditor.removedTextBackground": "#f38da01f",
    "disabledForeground": "#c0caf5",
    "dropdown.background": "#1a1b26",
    "dropdown.border": "#202230",
    "dropdown.foreground": "#c0caf5",
    "dropdown.listBackground": "#1a1b26",
    "editor.background": "#1a1b26",
    "editor.findMatchBackground": "#f8dbaf38",
    "editor.findMatchBorder": "#f8d8a899",
    "editor.findMatchForeground": "#c0caf5",
    "editor.findMatchHighlightBackground": "#f8ddb229",
    "editor.focusedStackFrameHighlightBackground": "#86afff33",
    "editor.foreground": "#c0caf5",
    "editor.hoverHighlightBackground": "#80a8fe14",
    "editor.inactiveSelectionBackground": "#80a8fe14",
    "editor.lineHighlightBackground": "#80a8fe14",
    "editor.rangeHighlightBackground": "#80a8fe14",
    "editor.selectionBackground": "#86afff33",
    "editor.stackFrameHighlightBackground": "#80a8fe14",
    "editor.wordHighlightBackground": "#80a8fe14",
    "editor.wordHighlightStrongBackground": "#86afff33",
    "editorCodeLens.foreground": "#c0caf5",
    "editorCursor.foreground": "#c0caf5",
    "editorGroup.border": "#202230",
    "editorGroup.dropBackground": "#23273933",
    "editorGroupHeader.noTabsBackground": "#1f2230",
    "editorGroupHeader.tabsBackground": "#1f2230",
    "editorGroupHeader.tabsBorder": "#202230",
    "editorHoverWidget.background": "#1a1b26",
    "editorHoverWidget.border": "#30344c",
    "editorHoverWidget.foreground": "#c0caf5",
    "editorIndentGuide.activeBackground1": "#7aa2f766",
    "editorIndentGuide.background1": "#202230",
    "editorLineNumber.activeForeground": "#5e75a1",
    "editorLineNumber.foreground": "#2f3349",
    "editorLink.activeForeground": "#29acf8",
    "editorStickyScroll.background": "#1f2230",
    "editorStickyScrollHover.background": "#80a8fe14",
    "editorSuggestWidget.background": "#232739",
    "editorSuggestWidget.foreground": "#c0caf5",
    "editorSuggestWidgetStatus.foreground": "#c5cffa",
    "editorWhitespace.foreground": "#8b95be",
    "editorWidget.background": "#1f2230",
    "editorWidget.border": "#30344c",
    "editorWidget.foreground": "#c0caf5",
    "errorForeground": "#f38da0",
    "extensionBadge.remoteBackground": "#007acc",
    "extensionBadge.remoteForeground": "#ffffff",
    "focusBorder": "#7aa2f766",
    "foreground": "#c0caf5",
    "icon.foreground": "#8b95be",
    "inlineChat.background": "#182031",
    "inlineChat.border": "#202230",
    "inlineChat.foreground": "#ffffff",
    "input.background": "#1f2230",
    "input.border": "#202230",
    "input.foreground": "#c0caf5",
    "input.placeholderForeground": "#8b95be",
    "keybindingLabel.foreground": "#c0caf5",
    "list.activeSelectionBackground": "#86afff33",
    "list.activeSelectionForeground": "#c0caf5",
    "list.dropBackground": "#23273933",
    "list.filterMatchBackground": "#f8ddb229",
    "list.filterMatchBorder": "#f8d8a899",
    "list.focusBackground": "#86afff33",
    "list.highlightForeground": "#29acf8",
    "list.hoverBackground": "#80a8fe14",
    "list.inactiveSelectionBackground": "#80a8fe14",
    "menu.background": "#1a1b26",
    "menu.border": "#202230",
    "menu.foreground": "#c0caf5",
    "menu.selectionBackground": "#86afff33",
    "menu.selectionForeground": "#c0caf5",
    "menu.separatorBackground": "#30344c",
    "menubar.selectionForeground": "#c0caf5",
    "merge.border": "#202230",
    "merge.commonContentBackground": "#9d7cd80d",
    "merge.commonHeaderBackground": "#9d7cd81a",
    "merge.currentContentBackground": "#b8d39b0f",
    "merge.currentHeaderBackground": "#b8d39b1f",
    "merge.incomingContentBackground": "#7dcfff0f",
    "merge.incomingHeaderBackground": "#7dcfff1f",
    "notificationCenterHeader.foreground": "#c0caf5",
    "notifications.background": "#1f2230",
    "notifications.border": "#202230",
    "notifications.foreground": "#c0caf5",
    "panel.background": "#1f2230",
    "panel.border": "#202230",
    "panelSection.border": "#30344c",
    "panelSection.dropBackground": "#23273933",
    "panelSectionHeader.background": "#232739",
    "panelSectionHeader.border": "#30344c",
    "panelSectionHeader.foreground": "#c0caf5",
    "panelTitle.activeBorder": "#7dcfff",
    "panelTitle.activeForeground": "#c0caf5",
    "panelTitle.inactiveForeground": "#c0caf5",
    "peekViewEditor.background": "#1f2230",
    "peekViewEditor.matchHighlightBackground": "#85aeff2e",
    "peekViewResult.background": "#1f2230",
    "peekViewResult.fileForeground": "#c0caf5",
    "peekViewResult.lineForeground": "#c0caf5",
    "peekViewResult.matchHighlightBackground": "#85aeff2e",
    "peekViewResult.selectionBackground": "#86afff33",
    "peekViewResult.selectionForeground": "#c0caf5",
    "peekViewTitle.background": "#232739",
    "peekViewTitleDescription.foreground": "#c5cffa",
    "peekViewTitleLabel.foreground": "#c0caf5",
    "quickInput.background": "#1f2230",
    "quickInput.foreground": "#c0caf5",
    "quickInputList.focusBackground": "#86afff33",
    "quickInputList.focusForeground": "#c0caf5",
    "quickInputTitle.background": "#232739",
    "scrollbar.shadow": "#272b40",
    "scrollbarSlider.activeBackground": "#86afff33",
    "scrollbarSlider.background": "#80a8fe14",
    "scrollbarSlider.hoverBackground": "#83acff1f",
    "searchEditor.findMatchBackground": "#f8ddb229",
    "searchEditor.findMatchBorder": "#f8d8a899",
    "selection.background": "#86afff33",
    "settings.checkboxForeground": "#c0caf5",
    "settings.headerForeground": "#c0caf5",
    "settings.numberInputForeground": "#c0caf5",
    "settings.textInputForeground": "#c0caf5",
    "sideBar.background": "#181923",
    "sideBar.border": "#202230",
    "sideBar.foreground": "#c0caf5",
    "sideBarSectionHeader.background": "#232739",
    "sideBarSectionHeader.foreground": "#c0caf5",
    "sideBarTitle.foreground": "#c0caf5",
    "statusBar.background": "#1f2230",
    "statusBar.border": "#202230",
    "statusBar.foreground": "#c0caf5",
    "statusBarItem.hoverBackground": "#80a8fe14",
    "statusBarItem.prominentBackground": "#7dcfff",
    "statusBarItem.prominentForeground": "#1a1b26",
    "tab.activeBackground": "#1f2230",
    "tab.activeBorderTop": "#7dcfff",
    "tab.activeForeground": "#c0caf5",
    "tab.hoverBackground": "#80a8fe14",
    "tab.inactiveBackground": "#1a1b26",
    "tab.inactiveForeground": "#c0caf5",
    "terminal.ansiBlack": "#1a1b26",
    "terminal.ansiBlue": "#29acf8",
    "terminal.ansiBrightBlack": "#76767d",
    "terminal.ansiBrightBlue": "#29acf8",
    "terminal.ansiBrightCyan": "#29acf8",
    "terminal.ansiBrightGreen": "#c3daaa",
    "terminal.ansiBrightMagenta": "#c5a9f8",
    "terminal.ansiBrightRed": "#f59eae",
    "terminal.ansiBrightWhite": "#ffffff",
    "terminal.ansiBrightYellow": "#f9deb5",
    "terminal.ansiCyan": "#29acf8",
    "terminal.ansiGreen": "#b8d39b",
    "terminal.ansiMagenta": "#bb9af7",
    "terminal.ansiRed": "#f38da0",
    "terminal.ansiWhite": "#dfe2db",
    "terminal.ansiYellow": "#f8d8a8",
    "terminal.background": "#181923",
    "terminal.border": "#202230",
    "terminal.dropBackground": "#23273933",
    "terminal.findMatchBackground": "#f8dbaf38",
    "terminal.findMatchBorder": "#f8d8a899",
    "terminal.findMatchHighlightBackground": "#f8ddb229",
    "terminal.foreground": "#c0caf5",
    "terminal.hoverHighlightBackground": "#7cbffc3d",
    "terminal.inactiveSelectionBackground": "#80a8fe14",
    "terminal.initialHintForeground": "#c0caf5",
    "terminal.selectionBackground": "#86afff33",
    "terminalCommandDecoration.defaultBackground": "#7dcfff33",
    "terminalCommandDecoration.errorBackground": "#f38da033",
    "terminalCommandDecoration.successBackground": "#b8d39b33",
    "textLink.activeForeground": "#29acf8",
    "textLink.foreground": "#29acf8",
    "titleBar.activeBackground": "#1f2230",
    "titleBar.activeForeground": "#c0caf5",
    "titleBar.border": "#202230",
    "titleBar.inactiveBackground": "#1f2230",
    "titleBar.inactiveForeground": "#c0caf5",
    "toolbar.activeBackground": "#7dcfff33",
    "toolbar.hoverBackground": "#7dcfff1f",
    "toolbar.hoverOutline": "#7dcfff66",
    "widget.border": "#30344c",
    "widget.shadow": "#282d43e6",
  },
  "name": "Tokyo Night Modern",
  "semanticTokenColors": {
    "attribute": {
      "foreground": "#f9d1a5",
    },
    "class": {
      "foreground": "#f8d8a8",
    },
    "class.declaration": {
      "foreground": "#f8d8a8",
    },
    "class.defaultLibrary": {
      "foreground": "#77bee1",
    },
    "comment": {
      "foreground": "#565f89",
      "italic": true,
    },
    "decorator": {
      "foreground": "#fac09f",
    },
    "deprecated": {
      "foreground": "#767fa9b3",
      "strikethrough": true,
    },
    "enum": {
      "foreground": "#f9cca4",
    },
    "enumMember": {
      "foreground": "#7dcfff",
    },
    "function": {
      "foreground": "#7aa2f7",
    },
    "function.declaration": {
      "foreground": "#7aa2f7",
    },
    "function.defaultLibrary": {
      "foreground": "#77bee1",
    },
    "interface": {
      "foreground": "#c7d4cb",
    },
    "keyword": {
      "foreground": "#bb9af7",
    },
    "macro": {
      "foreground": "#a0d1c3",
    },
    "method": {
      "foreground": "#7aa2f7",
    },
    "method.declaration": {
      "foreground": "#7aa2f7",
    },
    "module": {
      "foreground": "#87b6f3",
    },
    "namespace": {
      "foreground": "#87b6f3",
    },
    "number": {
      "foreground": "#fac09f",
    },
    "operator": {
      "foreground": "#9d7cd8",
    },
    "parameter": {
      "foreground": "#accbf8",
    },
    "parameter.declaration": {
      "foreground": "#accbf8",
    },
    "property": {
      "foreground": "#7dcfff",
    },
    "property.declaration": {
      "foreground": "#7dcfff",
    },
    "property.readonly": {
      "foreground": "#7dcfff",
    },
    "regexp": {
      "foreground": "#cbd59f",
    },
    "string": {
      "foreground": "#b8d39b",
    },
    "type": {
      "foreground": "#f8d8a8",
    },
    "typeParameter": {
      "foreground": "#e2d2c7",
    },
    "unused": {
      "foreground": "#565f8999",
    },
    "variable": {
      "foreground": "#c0caf5",
    },
    "variable.declaration": {
      "foreground": "#c0caf5",
    },
    "variable.defaultLibrary": {
      "foreground": "#77bee1",
    },
    "variable.readonly": {
      "foreground": "#f38da0",
    },
  },
  "tokenColors": [
    {
      "name": "Comment - Line",
      "scope": [
        "comment.line",
        "punctuation.definition.comment",
      ],
      "settings": {
        "fontStyle": "italic",
        "foreground": "#565f89",
      },
    },
    {
      "name": "Comment - Block",
      "scope": [
        "comment.block",
      ],
      "settings": {
        "fontStyle": "italic",
        "foreground": "#565f89",
      },
    },
    {
      "name": "Comment - Documentation",
      "scope": [
        "comment.block.documentation",
        "comment.line.documentation",
      ],
      "settings": {
        "fontStyle": "italic",
        "foreground": "#73828e",
      },
    },
    {
      "name": "Comment - TODO/FIXME",
      "scope": [
        "comment keyword.codetag",
      ],
      "settings": {
        "fontStyle": "bold",
        "foreground": "#f9cca4",
      },
    },
    {
      "name": "Comment - JSDoc Tags",
      "scope": [
        "storage.type.class.jsdoc",
        "entity.name.type.instance.jsdoc",
      ],
      "settings": {
        "foreground": "#668cb8",
      },
    },
    {
      "name": "Keyword - Control Flow",
      "scope": [
        "keyword.control.flow",
        "keyword.control.conditional",
        "keyword.control.loop",
        "keyword.control.switch",
      ],
      "settings": {
        "foreground": "#bb9af7",
      },
    },
    {
      "name": "Keyword - Declaration",
      "scope": [
        "keyword.control.declare",
        "storage.type",
        "storage.modifier.declare",
        "keyword.other.definitelytyped",
      ],
      "settings": {
        "foreground": "#9d7cd8",
      },
    },
    {
      "name": "Keyword - Import/Export",
      "scope": [
        "keyword.control.import",
        "keyword.control.export",
        "keyword.control.from",
        "keyword.control.as",
      ],
      "settings": {
        "foreground": "#7dcfff",
      },
    },
    {
      "name": "Keyword - Type System",
      "scope": [
        "keyword.control.type",
        "keyword.interface",
        "keyword.class",
        "keyword.extends",
        "keyword.implements",
      ],
      "settings": {
        "foreground": "#f8d8a8",
      },
    },
    {
      "name": "Keyword - Access Modifiers",
      "scope": [
        "storage.modifier.access",
        "storage.modifier.static",
        "storage.modifier.abstract",
        "storage.modifier.readonly",
      ],
      "settings": {
        "foreground": "#a988e4",
      },
    },
    {
      "name": "Keyword - Async/Await",
      "scope": [
        "storage.modifier.async",
        "keyword.control.flow.await",
        "keyword.other.await",
      ],
      "settings": {
        "foreground": "#7aa2f7",
      },
    },
    {
      "name": "String Literal",
      "scope": [
        "string.quoted",
        "string.interpolated",
      ],
      "settings": {
        "foreground": "#b8d39b",
      },
    },
    {
      "name": "Template String",
      "scope": [
        "string.template",
        "string.quasi",
      ],
      "settings": {
        "foreground": "#a0d1c3",
      },
    },
    {
      "name": "Template Expression",
      "scope": [
        "meta.embedded.expression",
        "punctuation.definition.template-expression",
      ],
      "settings": {
        "foreground": "#a0d1c3",
      },
    },
    {
      "name": "Number Literal",
      "scope": [
        "constant.numeric",
      ],
      "settings": {
        "foreground": "#fac09f",
      },
    },
    {
      "name": "Boolean Literal",
      "scope": [
        "constant.language.boolean",
      ],
      "settings": {
        "foreground": "#f38da0",
      },
    },
    {
      "name": "Null/Undefined Literal",
      "scope": [
        "constant.language.null",
        "constant.language.undefined",
      ],
      "settings": {
        "foreground": "#a57695",
      },
    },
    {
      "name": "Regular Expression",
      "scope": [
        "string.regexp",
      ],
      "settings": {
        "foreground": "#cbd59f",
      },
    },
    {
      "name": "Variable",
      "scope": [
        "variable.other",
        "variable.language",
      ],
      "settings": {
        "foreground": "#c0caf5",
      },
    },
    {
      "name": "Function Parameter",
      "scope": [
        "variable.parameter",
        "meta.parameters variable",
      ],
      "settings": {
        "foreground": "#accbf8",
      },
    },
    {
      "name": "Object Property",
      "scope": [
        "variable.other.property",
        "meta.object-literal.key",
      ],
      "settings": {
        "foreground": "#7dcfff",
      },
    },
    {
      "name": "Method Call",
      "scope": [
        "variable.function",
        "entity.name.function.member",
      ],
      "settings": {
        "foreground": "#7aa2f7",
      },
    },
    {
      "name": "Function Declaration",
      "scope": [
        "entity.name.function",
        "meta.function-call entity.name.function",
      ],
      "settings": {
        "foreground": "#7aa2f7",
      },
    },
    {
      "name": "Class Name",
      "scope": [
        "entity.name.class",
        "entity.name.type.class",
      ],
      "settings": {
        "foreground": "#f8d8a8",
      },
    },
    {
      "name": "Interface Name",
      "scope": [
        "entity.name.type.interface",
      ],
      "settings": {
        "foreground": "#c7d4cb",
      },
    },
    {
      "name": "Enum Name",
      "scope": [
        "entity.name.type.enum",
      ],
      "settings": {
        "foreground": "#f9cca4",
      },
    },
    {
      "name": "Namespace",
      "scope": [
        "entity.name.namespace",
        "entity.name.type.module",
      ],
      "settings": {
        "foreground": "#87b6f3",
      },
    },
    {
      "name": "Primitive Type",
      "scope": [
        "support.type.primitive",
        "keyword.type",
      ],
      "settings": {
        "foreground": "#73daca",
      },
    },
    {
      "name": "Generic Type Parameter",
      "scope": [
        "entity.name.type.parameter",
      ],
      "settings": {
        "foreground": "#e2d2c7",
      },
    },
    {
      "name": "Union Type Operator",
      "scope": [
        "keyword.operator.type.union",
      ],
      "settings": {
        "foreground": "#9d7cd8",
      },
    },
    {
      "name": "Built-in Type",
      "scope": [
        "support.type.builtin",
      ],
      "settings": {
        "foreground": "#77bee1",
      },
    },
    {
      "name": "Custom Type",
      "scope": [
        "entity.name.type",
      ],
      "settings": {
        "foreground": "#f8d8a8",
      },
    },
    {
      "name": "Arithmetic Operator",
      "scope": [
        "keyword.operator.arithmetic",
      ],
      "settings": {
        "foreground": "#9d7cd8",
      },
    },
    {
      "name": "Comparison Operator",
      "scope": [
        "keyword.operator.comparison",
        "keyword.operator.relational",
      ],
      "settings": {
        "foreground": "#ac8be8",
      },
    },
    {
      "name": "Logical Operator",
      "scope": [
        "keyword.operator.logical",
      ],
      "settings": {
        "foreground": "#bb9af7",
      },
    },
    {
      "name": "Assignment Operator",
      "scope": [
        "keyword.operator.assignment",
      ],
      "settings": {
        "foreground": "#a893e1",
      },
    },
    {
      "name": "Ternary Operator",
      "scope": [
        "keyword.operator.ternary",
      ],
      "settings": {
        "foreground": "#7dcfff",
      },
    },
    {
      "name": "Spread Operator",
      "scope": [
        "keyword.operator.spread",
        "keyword.operator.rest",
      ],
      "settings": {
        "foreground": "#7cbdfc",
      },
    },
    {
      "name": "Decorator",
      "scope": [
        "entity.name.function.decorator",
        "punctuation.decorator",
      ],
      "settings": {
        "foreground": "#fac09f",
      },
    },
    {
      "name": "Annotation",
      "scope": [
        "storage.type.annotation",
      ],
      "settings": {
        "foreground": "#f9cca4",
      },
    },
    {
      "name": "Attribute",
      "scope": [
        "entity.other.attribute-name.attribute",
      ],
      "settings": {
        "foreground": "#f9d1a5",
      },
    },
    {
      "name": "Pragma/Directive",
      "scope": [
        "meta.preprocessor",
        "keyword.other.directive",
      ],
      "settings": {
        "foreground": "#668cb8",
      },
    },
    {
      "name": "HTML Tag",
      "scope": [
        "entity.name.tag",
      ],
      "settings": {
        "foreground": "#f38da0",
      },
    },
    {
      "name": "HTML Attribute",
      "scope": [
        "entity.other.attribute-name",
      ],
      "settings": {
        "foreground": "#bb9af7",
      },
    },
    {
      "name": "Markdown Heading",
      "scope": [
        "markup.heading",
        "entity.name.section.markdown",
      ],
      "settings": {
        "fontStyle": "bold",
        "foreground": "#7aa2f7",
      },
    },
    {
      "name": "Markdown Emphasis",
      "scope": [
        "markup.italic",
        "markup.bold",
      ],
      "settings": {
        "foreground": "#f8d8a8",
      },
    },
    {
      "name": "Markdown Link",
      "scope": [
        "markup.underline.link",
        "string.other.link",
      ],
      "settings": {
        "foreground": "#7dcfff",
      },
    },
    {
      "name": "Markdown Code",
      "scope": [
        "markup.inline.raw",
        "markup.fenced_code",
      ],
      "settings": {
        "foreground": "#9bb096",
      },
    },
    {
      "name": "Bracket",
      "scope": [
        "punctuation.section.group",
        "punctuation.section.brackets",
      ],
      "settings": {
        "foreground": "#c0caf5",
      },
    },
    {
      "name": "Delimiter",
      "scope": [
        "punctuation.separator",
        "punctuation.terminator",
      ],
      "settings": {
        "foreground": "#a0aad5",
      },
    },
    {
      "name": "Accessor",
      "scope": [
        "punctuation.accessor",
        "punctuation.separator.method",
      ],
      "settings": {
        "foreground": "#7dcfff",
      },
    },
    {
      "name": "Invalid Code",
      "scope": [
        "invalid",
        "invalid.illegal",
      ],
      "settings": {
        "foreground": "#f38da0",
      },
    },
    {
      "name": "Deprecated Code",
      "scope": [
        "invalid.deprecated",
      ],
      "settings": {
        "fontStyle": "strikethrough",
        "foreground": "#767fa9b3",
      },
    },
    {
      "name": "Legacy Keyword",
      "scope": [
        "keyword",
      ],
      "settings": {
        "foreground": "#bb9af7",
      },
    },
    {
      "name": "Legacy String",
      "scope": [
        "string",
      ],
      "settings": {
        "foreground": "#b8d39b",
      },
    },
    {
      "name": "Legacy Operator",
      "scope": [
        "keyword.operator",
      ],
      "settings": {
        "foreground": "#9d7cd8",
      },
    },
  ],
  "type": "dark",
}
`;
