// Jest Snapshot v1, https://jestjs.io/docs/snapshot-testing

exports[`Theme partial snapshot: terminal & widgets should match terminal/widgets snapshot 1`] = `
{
  "activityBarBadge.background": "#007acc",
  "activityBarBadge.foreground": "#ffffff",
  "debugExceptionWidget.background": "#232739",
  "debugExceptionWidget.border": "#363c55",
  "debugIcon.breakpointCurrentStackframeForeground": "#7dcfff",
  "debugIcon.breakpointDisabledForeground": "#f3809580",
  "debugIcon.breakpointForeground": "#f38095",
  "debugIcon.breakpointStackframeForeground": "#7dcfffb3",
  "debugIcon.breakpointUnverifiedForeground": "#9d7cd8",
  "debugToolBar.background": "#232739",
  "debugToolBar.border": "#7aa2f766",
  "editorHoverWidget.background": "#1a1b26",
  "editorHoverWidget.border": "#363c55",
  "editorHoverWidget.foreground": "#afb9e2",
  "editorHoverWidget.highlightForeground": "#43b6f9",
  "editorOverviewRuler.findMatchForeground": "#29acf899",
  "editorOverviewRuler.rangeHighlightForeground": "#7dcfffcc",
  "editorOverviewRuler.selectionHighlightForeground": "#88b0ff42",
  "editorOverviewRuler.wordHighlightForeground": "#81aaff1f",
  "editorOverviewRuler.wordHighlightStrongForeground": "#88b0ff42",
  "editorSuggestWidget.background": "#232739",
  "editorSuggestWidget.border": "#363c55",
  "editorSuggestWidget.foreground": "#8991b3",
  "editorSuggestWidget.highlightForeground": "#29acf8",
  "editorSuggestWidget.selectedBackground": "#88b0ff42",
  "editorSuggestWidget.selectedForeground": "#afb9e2",
  "editorSuggestWidget.selectedIconForeground": "#afb9e2",
  "editorSuggestWidgetStatus.foreground": "#9ea8d1",
  "editorWidget.background": "#1f2230",
  "editorWidget.border": "#363c55",
  "editorWidget.foreground": "#afb9e2",
  "inlineChat.background": "#182031",
  "inlineChat.border": "#202230",
  "inlineChat.foreground": "#ffffff",
  "keybindingLabel.foreground": "#afb9e2",
  "minimap.findMatchHighlight": "#29acf866",
  "minimap.selectionHighlight": "#88b0ff42",
  "notificationCenterHeader.foreground": "#afb9e2",
  "notifications.background": "#1f2230",
  "notifications.border": "#202230",
  "notifications.foreground": "#afb9e2",
  "peekViewEditor.background": "#1f2230",
  "peekViewEditor.matchHighlightBackground": "#85aeff2e",
  "peekViewResult.background": "#1f2230",
  "peekViewResult.fileForeground": "#afb9e2",
  "peekViewResult.lineForeground": "#99a3cc",
  "peekViewResult.matchHighlightBackground": "#85aeff2e",
  "peekViewResult.selectionBackground": "#86afff33",
  "peekViewResult.selectionForeground": "#afb9e2",
  "peekViewTitle.background": "#232739",
  "peekViewTitleDescription.foreground": "#9ea8d1",
  "peekViewTitleLabel.foreground": "#8991b3",
  "scrollbar.shadow": "#272b40",
  "scrollbarSlider.activeBackground": "#88b0ff42",
  "scrollbarSlider.background": "#81aaff1f",
  "scrollbarSlider.hoverBackground": "#84adff29",
  "settings.checkboxForeground": "#afb9e2",
  "settings.headerForeground": "#8991b3",
  "settings.numberInputForeground": "#afb9e2",
  "settings.textInputForeground": "#afb9e2",
  "terminal.ansiBlack": "#1a1b26",
  "terminal.ansiBlue": "#29acf8",
  "terminal.ansiBrightBlack": "#76767d",
  "terminal.ansiBrightBlue": "#29acf8",
  "terminal.ansiBrightCyan": "#29acf8",
  "terminal.ansiBrightGreen": "#b4cf97",
  "terminal.ansiBrightMagenta": "#bd9cf9",
  "terminal.ansiBrightRed": "#f593a5",
  "terminal.ansiBrightWhite": "#ffffff",
  "terminal.ansiBrightYellow": "#f8e385",
  "terminal.ansiCyan": "#29acf8",
  "terminal.ansiGreen": "#a7c785",
  "terminal.ansiMagenta": "#b18af8",
  "terminal.ansiRed": "#f38095",
  "terminal.ansiWhite": "#dfe2db",
  "terminal.ansiYellow": "#f7de70",
  "terminal.background": "#1a1b26",
  "terminal.border": "#202230",
  "terminal.dropBackground": "#23273933",
  "terminal.findMatchBackground": "#33b2ff38",
  "terminal.findMatchBorder": "#29acf899",
  "terminal.findMatchHighlightBackground": "#36b5ff29",
  "terminal.foreground": "#afb9e2",
  "terminal.hoverHighlightBackground": "#7cbffc3d",
  "terminal.inactiveSelectionBackground": "#81aaff1f",
  "terminal.initialHintForeground": "#99a3cc",
  "terminal.selectionBackground": "#88b0ff42",
}
`;
