// Jest Snapshot v1, https://jestjs.io/docs/snapshot-testing

exports[`Theme snapshot should match the stable snapshot of the generated theme 1`] = `
{
  "colors": {
    "activityBar.activeBackground": "#1a1b26",
    "activityBar.activeBorder": "#7dcfff",
    "activityBar.background": "#1f2230",
    "activityBar.foreground": "#99a3cc",
    "activityBar.inactiveForeground": "#909abe",
    "activityBarBadge.background": "#007acc",
    "activityBarBadge.foreground": "#ffffff",
    "badge.background": "#007acc",
    "badge.foreground": "#ffffff",
    "breadcrumb.activeSelectionForeground": "#afb9e2",
    "breadcrumb.focusForeground": "#afb9e2",
    "breadcrumb.foreground": "#99a3cc",
    "button.background": "#007acc",
    "button.border": "#29acf8",
    "button.foreground": "#ffffff",
    "button.hoverBackground": "#0d7fd1",
    "button.secondaryBackground": "#1f2230",
    "button.secondaryForeground": "#afb9e2",
    "button.secondaryHoverBackground": "#232634",
    "button.separator": "#202230",
    "checkbox.foreground": "#afb9e2",
    "commandCenter.activeBackground": "#232739",
    "commandCenter.activeForeground": "#afb9e2",
    "commandCenter.background": "#1a1b26",
    "commandCenter.border": "#202230",
    "commandCenter.foreground": "#99a3cc",
    "debugExceptionWidget.background": "#232739",
    "debugExceptionWidget.border": "#363c55",
    "debugIcon.breakpointCurrentStackframeForeground": "#7dcfff",
    "debugIcon.breakpointDisabledForeground": "#f3809580",
    "debugIcon.breakpointForeground": "#f38095",
    "debugIcon.breakpointStackframeForeground": "#7dcfffb3",
    "debugIcon.breakpointUnverifiedForeground": "#f7de70",
    "debugToolBar.background": "#232739",
    "debugToolBar.border": "#7aa2f766",
    "descriptionForeground": "#99a3cc",
    "diffEditor.diagonalFill": "#232739",
    "diffEditor.insertedLineBackground": "#a7c78514",
    "diffEditor.insertedTextBackground": "#a7c7851f",
    "diffEditor.removedLineBackground": "#f3809514",
    "diffEditor.removedTextBackground": "#f380951f",
    "disabledForeground": "#99a3cc",
    "dropdown.background": "#1a1b26",
    "dropdown.border": "#202230",
    "dropdown.foreground": "#afb9e2",
    "dropdown.listBackground": "#1a1b26",
    "editor.background": "#1a1b26",
    "editor.findMatchBackground": "#33b2ff38",
    "editor.findMatchBorder": "#29acf899",
    "editor.findMatchForeground": "#afb9e2",
    "editor.findMatchHighlightBackground": "#36b5ff29",
    "editor.focusedStackFrameHighlightBackground": "#88b0ff42",
    "editor.foreground": "#afb9e2",
    "editor.hoverHighlightBackground": "#81aaff1f",
    "editor.inactiveSelectionBackground": "#81aaff1f",
    "editor.lineHighlightBackground": "#81aaff1f",
    "editor.rangeHighlightBackground": "#81aaff1f",
    "editor.selectionBackground": "#88b0ff42",
    "editor.stackFrameHighlightBackground": "#81aaff1f",
    "editor.wordHighlightBackground": "#81aaff1f",
    "editor.wordHighlightStrongBackground": "#88b0ff42",
    "editorCodeLens.foreground": "#99a3cc",
    "editorCursor.foreground": "#99a3cc",
    "editorGroup.border": "#202230",
    "editorGroup.dropBackground": "#23273933",
    "editorGroupHeader.noTabsBackground": "#1f2230",
    "editorGroupHeader.tabsBackground": "#1f2230",
    "editorGroupHeader.tabsBorder": "#202230",
    "editorHoverWidget.background": "#1a1b26",
    "editorHoverWidget.border": "#363c55",
    "editorHoverWidget.foreground": "#afb9e2",
    "editorHoverWidget.highlightForeground": "#43b6f9",
    "editorIndentGuide.activeBackground1": "#7aa2f766",
    "editorIndentGuide.background1": "#202230",
    "editorLineNumber.activeForeground": "#6f89b9",
    "editorLineNumber.foreground": "#363c54",
    "editorLink.activeForeground": "#29acf8",
    "editorOverviewRuler.findMatchForeground": "#29acf899",
    "editorOverviewRuler.rangeHighlightForeground": "#7dcfffcc",
    "editorOverviewRuler.selectionHighlightForeground": "#88b0ff42",
    "editorOverviewRuler.wordHighlightForeground": "#81aaff1f",
    "editorOverviewRuler.wordHighlightStrongForeground": "#88b0ff42",
    "editorStickyScroll.background": "#1f2230",
    "editorStickyScrollHover.background": "#81aaff1f",
    "editorSuggestWidget.background": "#232739",
    "editorSuggestWidget.border": "#363c55",
    "editorSuggestWidget.foreground": "#8991b3",
    "editorSuggestWidget.highlightForeground": "#29acf8",
    "editorSuggestWidget.selectedBackground": "#88b0ff42",
    "editorSuggestWidget.selectedForeground": "#afb9e2",
    "editorSuggestWidget.selectedIconForeground": "#afb9e2",
    "editorSuggestWidgetStatus.foreground": "#9ea8d1",
    "editorWhitespace.foreground": "#8991b3",
    "editorWidget.background": "#1f2230",
    "editorWidget.border": "#363c55",
    "editorWidget.foreground": "#afb9e2",
    "errorForeground": "#f38095",
    "extensionBadge.remoteBackground": "#007acc",
    "extensionBadge.remoteForeground": "#ffffff",
    "focusBorder": "#00000000",
    "foreground": "#afb9e2",
    "icon.foreground": "#8991b3",
    "inlineChat.background": "#182031",
    "inlineChat.border": "#202230",
    "inlineChat.foreground": "#ffffff",
    "input.background": "#1f2230",
    "input.border": "#202230",
    "input.foreground": "#afb9e2",
    "input.placeholderForeground": "#8991b3",
    "inputOption.activeBorder": "#29acf8",
    "keybindingLabel.foreground": "#afb9e2",
    "list.activeSelectionBackground": "#88b0ff42",
    "list.activeSelectionForeground": "#afb9e2",
    "list.dropBackground": "#23273933",
    "list.filterMatchBackground": "#36b5ff29",
    "list.filterMatchBorder": "#29acf899",
    "list.focusBackground": "#88b0ff42",
    "list.focusForeground": "#afb9e2",
    "list.highlightForeground": "#29acf8",
    "list.hoverBackground": "#81aaff1f",
    "list.hoverForeground": "#afb9e2",
    "list.inactiveSelectionBackground": "#81aaff1f",
    "list.inactiveSelectionForeground": "#afb9e2",
    "menu.background": "#1a1b26",
    "menu.border": "#202230",
    "menu.foreground": "#afb9e2",
    "menu.selectionBackground": "#00000000",
    "menu.selectionBorder": "#29acf8",
    "menu.selectionForeground": "#afb9e2",
    "menu.separatorBackground": "#363c55",
    "menubar.selectionBackground": "#00000000",
    "menubar.selectionBorder": "#29acf8",
    "menubar.selectionForeground": "#afb9e2",
    "merge.border": "#202230",
    "merge.commonContentBackground": "#f7de700d",
    "merge.commonHeaderBackground": "#f7de701a",
    "merge.currentContentBackground": "#a7c7850f",
    "merge.currentHeaderBackground": "#a7c7851f",
    "merge.incomingContentBackground": "#7dcfff0f",
    "merge.incomingHeaderBackground": "#7dcfff1f",
    "minimap.findMatchHighlight": "#29acf866",
    "minimap.selectionHighlight": "#88b0ff42",
    "notificationCenterHeader.foreground": "#afb9e2",
    "notifications.background": "#1f2230",
    "notifications.border": "#202230",
    "notifications.foreground": "#afb9e2",
    "panel.background": "#1a1b26",
    "panel.border": "#202230",
    "panelSection.border": "#363c55",
    "panelSection.dropBackground": "#23273933",
    "panelSectionHeader.background": "#1a1b26",
    "panelSectionHeader.border": "#363c55",
    "panelSectionHeader.foreground": "#afb9e2",
    "panelTitle.activeBorder": "#7dcfff",
    "panelTitle.activeForeground": "#8991b3",
    "panelTitle.inactiveForeground": "#99a3cc",
    "panelTitleBadge.background": "#007acc",
    "panelTitleBadge.foreground": "#ffffff",
    "peekViewEditor.background": "#1f2230",
    "peekViewEditor.matchHighlightBackground": "#85aeff2e",
    "peekViewResult.background": "#1f2230",
    "peekViewResult.fileForeground": "#afb9e2",
    "peekViewResult.lineForeground": "#99a3cc",
    "peekViewResult.matchHighlightBackground": "#85aeff2e",
    "peekViewResult.selectionBackground": "#86afff33",
    "peekViewResult.selectionForeground": "#afb9e2",
    "peekViewTitle.background": "#232739",
    "peekViewTitleDescription.foreground": "#9ea8d1",
    "peekViewTitleLabel.foreground": "#8991b3",
    "quickInput.background": "#1f2230",
    "quickInput.foreground": "#afb9e2",
    "quickInputList.focusBackground": "#88b0ff42",
    "quickInputList.focusForeground": "#afb9e2",
    "quickInputTitle.background": "#232739",
    "scrollbar.shadow": "#272b40",
    "scrollbarSlider.activeBackground": "#88b0ff42",
    "scrollbarSlider.background": "#81aaff1f",
    "scrollbarSlider.hoverBackground": "#84adff29",
    "searchEditor.findMatchBackground": "#36b5ff29",
    "searchEditor.findMatchBorder": "#29acf899",
    "selection.background": "#88b0ff42",
    "settings.checkboxForeground": "#afb9e2",
    "settings.headerForeground": "#8991b3",
    "settings.numberInputForeground": "#afb9e2",
    "settings.textInputForeground": "#afb9e2",
    "sideBar.background": "#181923",
    "sideBar.border": "#202230",
    "sideBar.foreground": "#afb9e2",
    "sideBarSectionHeader.background": "#232739",
    "sideBarSectionHeader.foreground": "#afb9e2",
    "sideBarTitle.foreground": "#afb9e2",
    "statusBar.background": "#1f2230",
    "statusBar.border": "#202230",
    "statusBar.foreground": "#99a3cc",
    "statusBarItem.compactHoverBackground": "#81aaff1f",
    "statusBarItem.hoverBackground": "#81aaff1f",
    "statusBarItem.hoverForeground": "#afb9e2",
    "statusBarItem.prominentBackground": "#007acc",
    "statusBarItem.prominentForeground": "#ffffff",
    "statusBarItem.prominentHoverBackground": "#1f8ad2",
    "statusBarItem.prominentHoverForeground": "#ffffff",
    "statusBarItem.remoteBackground": "#007acc",
    "statusBarItem.remoteForeground": "#ffffff",
    "statusBarItem.remoteHoverBackground": "#1f8ad2",
    "statusBarItem.remoteHoverForeground": "#ffffff",
    "tab.activeBackground": "#1a1b26",
    "tab.activeBorderTop": "#7dcfff",
    "tab.activeForeground": "#afb9e2",
    "tab.hoverBackground": "#81aaff1f",
    "tab.hoverForeground": "#afb9e2",
    "tab.inactiveBackground": "#1f2230",
    "tab.inactiveForeground": "#99a3cc",
    "terminal.ansiBlack": "#1a1b26",
    "terminal.ansiBlue": "#29acf8",
    "terminal.ansiBrightBlack": "#76767d",
    "terminal.ansiBrightBlue": "#29acf8",
    "terminal.ansiBrightCyan": "#29acf8",
    "terminal.ansiBrightGreen": "#b4cf97",
    "terminal.ansiBrightMagenta": "#bd9cf9",
    "terminal.ansiBrightRed": "#f593a5",
    "terminal.ansiBrightWhite": "#ffffff",
    "terminal.ansiBrightYellow": "#f8e385",
    "terminal.ansiCyan": "#29acf8",
    "terminal.ansiGreen": "#a7c785",
    "terminal.ansiMagenta": "#b18af8",
    "terminal.ansiRed": "#f38095",
    "terminal.ansiWhite": "#dfe2db",
    "terminal.ansiYellow": "#f7de70",
    "terminal.background": "#1a1b26",
    "terminal.border": "#202230",
    "terminal.dropBackground": "#23273933",
    "terminal.findMatchBackground": "#33b2ff38",
    "terminal.findMatchBorder": "#29acf899",
    "terminal.findMatchHighlightBackground": "#36b5ff29",
    "terminal.foreground": "#afb9e2",
    "terminal.hoverHighlightBackground": "#7cbffc3d",
    "terminal.inactiveSelectionBackground": "#81aaff1f",
    "terminal.initialHintForeground": "#99a3cc",
    "terminal.selectionBackground": "#88b0ff42",
    "terminalCommandDecoration.defaultBackground": "#7dcfff33",
    "terminalCommandDecoration.errorBackground": "#f3809533",
    "terminalCommandDecoration.successBackground": "#a7c78533",
    "textBlockQuote.background": "#232739",
    "textBlockQuote.border": "#7dcfff59",
    "textLink.activeForeground": "#29acf8",
    "textLink.foreground": "#29acf8",
    "titleBar.activeBackground": "#1f2230",
    "titleBar.activeForeground": "#8991b3",
    "titleBar.border": "#202230",
    "titleBar.inactiveBackground": "#1f2230",
    "titleBar.inactiveForeground": "#909abe",
    "toolbar.activeBackground": "#7dcfff33",
    "toolbar.hoverBackground": "#7dcfff29",
    "toolbar.hoverOutline": "#00000000",
    "widget.border": "#363c55",
    "widget.shadow": "#282d43e6",
  },
  "name": "Tokyo Night Modern",
  "semanticTokenColors": {
    "attribute": {
      "foreground": "#f5cf71",
    },
    "class": {
      "foreground": "#f7de70",
    },
    "class.declaration": {
      "foreground": "#f7de70",
    },
    "class.defaultLibrary": {
      "foreground": "#77bee1",
    },
    "comment": {
      "foreground": "#6b78a8",
      "italic": true,
    },
    "decorator": {
      "foreground": "#f0ac74",
    },
    "deprecated": {
      "foreground": "#8591bfb3",
      "strikethrough": true,
    },
    "enum": {
      "foreground": "#f4c572",
    },
    "enumMember": {
      "foreground": "#7dcfff",
    },
    "function": {
      "foreground": "#7aa2f7",
    },
    "function.declaration": {
      "foreground": "#7aa2f7",
    },
    "function.defaultLibrary": {
      "foreground": "#77bee1",
    },
    "interface": {
      "foreground": "#c6d8a9",
    },
    "keyword": {
      "foreground": "#b18af8",
    },
    "macro": {
      "foreground": "#96cab6",
    },
    "method": {
      "foreground": "#7aa2f7",
    },
    "method.declaration": {
      "foreground": "#7aa2f7",
    },
    "module": {
      "foreground": "#87b6f3",
    },
    "namespace": {
      "foreground": "#87b6f3",
    },
    "number": {
      "foreground": "#f0ac74",
    },
    "operator": {
      "foreground": "#9d7cd8",
    },
    "parameter": {
      "foreground": "#accbf8",
    },
    "parameter.declaration": {
      "foreground": "#accbf8",
    },
    "property": {
      "foreground": "#7dcfff",
    },
    "property.declaration": {
      "foreground": "#7dcfff",
    },
    "property.readonly": {
      "foreground": "#7dcfff",
    },
    "regexp": {
      "foreground": "#bfce7f",
    },
    "string": {
      "foreground": "#a7c785",
    },
    "type": {
      "foreground": "#f7de70",
    },
    "typeParameter": {
      "foreground": "#e1d6a5",
    },
    "unused": {
      "foreground": "#6b78a899",
    },
    "variable": {
      "foreground": "#c0caf5",
    },
    "variable.declaration": {
      "foreground": "#c0caf5",
    },
    "variable.defaultLibrary": {
      "foreground": "#77bee1",
    },
    "variable.readonly": {
      "foreground": "#f38095",
    },
  },
  "tokenColors": [
    {
      "name": "Comment - Line",
      "scope": [
        "comment.line",
        "punctuation.definition.comment",
      ],
      "settings": {
        "fontStyle": "italic",
        "foreground": "#6b78a8",
      },
    },
    {
      "name": "Comment - Block",
      "scope": [
        "comment.block",
      ],
      "settings": {
        "fontStyle": "italic",
        "foreground": "#6b78a8",
      },
    },
    {
      "name": "Comment - Documentation",
      "scope": [
        "comment.block.documentation",
        "comment.line.documentation",
      ],
      "settings": {
        "fontStyle": "italic",
        "foreground": "#7d909e",
      },
    },
    {
      "name": "Comment - TODO/FIXME",
      "scope": [
        "comment keyword.codetag",
      ],
      "settings": {
        "fontStyle": "bold",
        "foreground": "#f7de70",
      },
    },
    {
      "name": "Comment - JSDoc Tags",
      "scope": [
        "storage.type.class.jsdoc",
        "entity.name.type.instance.jsdoc",
      ],
      "settings": {
        "foreground": "#729bcb",
      },
    },
    {
      "name": "Keyword - Control Flow",
      "scope": [
        "keyword.control.flow",
        "keyword.control.conditional",
        "keyword.control.loop",
        "keyword.control.switch",
      ],
      "settings": {
        "foreground": "#b18af8",
      },
    },
    {
      "name": "Keyword - Declaration",
      "scope": [
        "keyword.control.declare",
        "storage.type",
        "storage.modifier.declare",
        "keyword.other.definitelytyped",
      ],
      "settings": {
        "foreground": "#9d7cd8",
      },
    },
    {
      "name": "Keyword - Import/Export",
      "scope": [
        "keyword.control.import",
        "keyword.control.export",
        "keyword.control.from",
        "keyword.control.as",
      ],
      "settings": {
        "foreground": "#7dcfff",
      },
    },
    {
      "name": "Keyword - Type System",
      "scope": [
        "keyword.control.type",
        "keyword.interface",
        "keyword.class",
        "keyword.extends",
        "keyword.implements",
      ],
      "settings": {
        "foreground": "#f7de70",
      },
    },
    {
      "name": "Keyword - Access Modifiers",
      "scope": [
        "storage.modifier.access",
        "storage.modifier.static",
        "storage.modifier.abstract",
        "storage.modifier.readonly",
      ],
      "settings": {
        "foreground": "#a582e5",
      },
    },
    {
      "name": "Keyword - Async/Await",
      "scope": [
        "storage.modifier.async",
        "keyword.control.flow.await",
        "keyword.other.await",
      ],
      "settings": {
        "foreground": "#7aa2f7",
      },
    },
    {
      "name": "String Literal",
      "scope": [
        "string.quoted",
        "string.interpolated",
      ],
      "settings": {
        "foreground": "#a7c785",
      },
    },
    {
      "name": "Template String",
      "scope": [
        "string.template",
        "string.quasi",
      ],
      "settings": {
        "foreground": "#96cab6",
      },
    },
    {
      "name": "Template Expression",
      "scope": [
        "meta.embedded.expression",
        "punctuation.definition.template-expression",
      ],
      "settings": {
        "foreground": "#96cab6",
      },
    },
    {
      "name": "Number Literal",
      "scope": [
        "constant.numeric",
      ],
      "settings": {
        "foreground": "#f0ac74",
      },
    },
    {
      "name": "Boolean Literal",
      "scope": [
        "constant.language.boolean",
      ],
      "settings": {
        "foreground": "#f38095",
      },
    },
    {
      "name": "Null/Undefined Literal",
      "scope": [
        "constant.language.null",
        "constant.language.undefined",
      ],
      "settings": {
        "foreground": "#af7c9f",
      },
    },
    {
      "name": "Regular Expression",
      "scope": [
        "string.regexp",
      ],
      "settings": {
        "foreground": "#bfce7f",
      },
    },
    {
      "name": "Variable",
      "scope": [
        "variable.other",
        "variable.language",
      ],
      "settings": {
        "foreground": "#c0caf5",
      },
    },
    {
      "name": "Function Parameter",
      "scope": [
        "variable.parameter",
        "meta.parameters variable",
      ],
      "settings": {
        "foreground": "#accbf8",
      },
    },
    {
      "name": "Object Property",
      "scope": [
        "variable.other.property",
        "meta.object-literal.key",
      ],
      "settings": {
        "foreground": "#7dcfff",
      },
    },
    {
      "name": "Method Call",
      "scope": [
        "variable.function",
        "entity.name.function.member",
      ],
      "settings": {
        "foreground": "#7aa2f7",
      },
    },
    {
      "name": "Function Declaration",
      "scope": [
        "entity.name.function",
        "meta.function-call entity.name.function",
      ],
      "settings": {
        "foreground": "#7aa2f7",
      },
    },
    {
      "name": "Class Name",
      "scope": [
        "entity.name.class",
        "entity.name.type.class",
      ],
      "settings": {
        "foreground": "#f7de70",
      },
    },
    {
      "name": "Interface Name",
      "scope": [
        "entity.name.type.interface",
      ],
      "settings": {
        "foreground": "#c6d8a9",
      },
    },
    {
      "name": "Enum Name",
      "scope": [
        "entity.name.type.enum",
      ],
      "settings": {
        "foreground": "#f4c572",
      },
    },
    {
      "name": "Namespace",
      "scope": [
        "entity.name.namespace",
        "entity.name.type.module",
      ],
      "settings": {
        "foreground": "#87b6f3",
      },
    },
    {
      "name": "Primitive Type",
      "scope": [
        "support.type.primitive",
        "keyword.type",
      ],
      "settings": {
        "foreground": "#73daca",
      },
    },
    {
      "name": "Generic Type Parameter",
      "scope": [
        "entity.name.type.parameter",
      ],
      "settings": {
        "foreground": "#e1d6a5",
      },
    },
    {
      "name": "Union Type Operator",
      "scope": [
        "keyword.operator.type.union",
      ],
      "settings": {
        "foreground": "#9d7cd8",
      },
    },
    {
      "name": "Built-in Type",
      "scope": [
        "support.type.builtin",
      ],
      "settings": {
        "foreground": "#77bee1",
      },
    },
    {
      "name": "Custom Type",
      "scope": [
        "entity.name.type",
      ],
      "settings": {
        "foreground": "#f7de70",
      },
    },
    {
      "name": "Arithmetic Operator",
      "scope": [
        "keyword.operator.arithmetic",
      ],
      "settings": {
        "foreground": "#9d7cd8",
      },
    },
    {
      "name": "Comparison Operator",
      "scope": [
        "keyword.operator.comparison",
        "keyword.operator.relational",
      ],
      "settings": {
        "foreground": "#a783e8",
      },
    },
    {
      "name": "Logical Operator",
      "scope": [
        "keyword.operator.logical",
      ],
      "settings": {
        "foreground": "#b18af8",
      },
    },
    {
      "name": "Assignment Operator",
      "scope": [
        "keyword.operator.assignment",
      ],
      "settings": {
        "foreground": "#a893e1",
      },
    },
    {
      "name": "Ternary Operator",
      "scope": [
        "keyword.operator.ternary",
      ],
      "settings": {
        "foreground": "#7dcfff",
      },
    },
    {
      "name": "Spread Operator",
      "scope": [
        "keyword.operator.spread",
        "keyword.operator.rest",
      ],
      "settings": {
        "foreground": "#7cbdfc",
      },
    },
    {
      "name": "Decorator",
      "scope": [
        "entity.name.function.decorator",
        "punctuation.decorator",
      ],
      "settings": {
        "foreground": "#f0ac74",
      },
    },
    {
      "name": "Annotation",
      "scope": [
        "storage.type.annotation",
      ],
      "settings": {
        "foreground": "#f4c572",
      },
    },
    {
      "name": "Attribute",
      "scope": [
        "entity.other.attribute-name.attribute",
      ],
      "settings": {
        "foreground": "#f5cf71",
      },
    },
    {
      "name": "Pragma/Directive",
      "scope": [
        "meta.preprocessor",
        "keyword.other.directive",
      ],
      "settings": {
        "foreground": "#729bcb",
      },
    },
    {
      "name": "HTML Tag",
      "scope": [
        "entity.name.tag",
      ],
      "settings": {
        "foreground": "#f38095",
      },
    },
    {
      "name": "HTML Attribute",
      "scope": [
        "entity.other.attribute-name",
      ],
      "settings": {
        "foreground": "#b18af8",
      },
    },
    {
      "name": "Markdown Heading",
      "scope": [
        "markup.heading",
        "entity.name.section.markdown",
      ],
      "settings": {
        "fontStyle": "bold",
        "foreground": "#7aa2f7",
      },
    },
    {
      "name": "Markdown Emphasis",
      "scope": [
        "markup.italic",
        "markup.bold",
      ],
      "settings": {
        "foreground": "#f7de70",
      },
    },
    {
      "name": "Markdown Link",
      "scope": [
        "markup.underline.link",
        "string.other.link",
      ],
      "settings": {
        "foreground": "#7dcfff",
      },
    },
    {
      "name": "Markdown Code",
      "scope": [
        "markup.inline.raw",
        "markup.fenced_code",
      ],
      "settings": {
        "foreground": "#95af90",
      },
    },
    {
      "name": "Bracket",
      "scope": [
        "punctuation.section.group",
        "punctuation.section.brackets",
      ],
      "settings": {
        "foreground": "#c0caf5",
      },
    },
    {
      "name": "Delimiter",
      "scope": [
        "punctuation.separator",
        "punctuation.terminator",
      ],
      "settings": {
        "foreground": "#a6b1de",
      },
    },
    {
      "name": "Accessor",
      "scope": [
        "punctuation.accessor",
        "punctuation.separator.method",
      ],
      "settings": {
        "foreground": "#7dcfff",
      },
    },
    {
      "name": "Invalid Code",
      "scope": [
        "invalid",
        "invalid.illegal",
      ],
      "settings": {
        "foreground": "#f38095",
      },
    },
    {
      "name": "Deprecated Code",
      "scope": [
        "invalid.deprecated",
      ],
      "settings": {
        "fontStyle": "strikethrough",
        "foreground": "#8591bfb3",
      },
    },
    {
      "name": "Legacy Keyword",
      "scope": [
        "keyword",
      ],
      "settings": {
        "foreground": "#b18af8",
      },
    },
    {
      "name": "Legacy String",
      "scope": [
        "string",
      ],
      "settings": {
        "foreground": "#a7c785",
      },
    },
    {
      "name": "Legacy Operator",
      "scope": [
        "keyword.operator",
      ],
      "settings": {
        "foreground": "#9d7cd8",
      },
    },
  ],
  "type": "dark",
}
`;
