// Jest Snapshot v1, https://jestjs.io/docs/snapshot-testing

exports[`Theme partial snapshot: core surfaces should match core surface tokens snapshot 1`] = `
{
  "activityBar.activeBackground": "#1a1b26",
  "activityBar.activeBorder": "#7dcfff",
  "activityBar.background": "#1f2230",
  "activityBar.foreground": "#99a3cc",
  "activityBar.inactiveForeground": "#8087a7",
  "activityBarBadge.background": "#007acc",
  "activityBarBadge.foreground": "#ffffff",
  "descriptionForeground": "#99a3cc",
  "disabledForeground": "#99a3cc",
  "editor.background": "#1a1b26",
  "editor.findMatchBackground": "#33b2ff38",
  "editor.findMatchBorder": "#29acf899",
  "editor.findMatchForeground": "#afb9e2",
  "editor.findMatchHighlightBackground": "#36b5ff29",
  "editor.focusedStackFrameHighlightBackground": "#88b0ff42",
  "editor.foreground": "#afb9e2",
  "editor.hoverHighlightBackground": "#81aaff1f",
  "editor.inactiveSelectionBackground": "#81aaff1f",
  "editor.lineHighlightBackground": "#81aaff1f",
  "editor.rangeHighlightBackground": "#81aaff1f",
  "editor.selectionBackground": "#88b0ff42",
  "editor.stackFrameHighlightBackground": "#81aaff1f",
  "editor.wordHighlightBackground": "#81aaff1f",
  "editor.wordHighlightStrongBackground": "#88b0ff42",
  "editorGroup.border": "#202230",
  "editorGroup.dropBackground": "#23273933",
  "editorGroupHeader.noTabsBackground": "#1f2230",
  "editorGroupHeader.tabsBackground": "#1f2230",
  "editorGroupHeader.tabsBorder": "#202230",
  "errorForeground": "#f38095",
  "focusBorder": "#00000000",
  "foreground": "#afb9e2",
  "icon.foreground": "#8991b3",
  "selection.background": "#88b0ff42",
  "sideBar.background": "#181923",
  "sideBar.border": "#202230",
  "sideBar.foreground": "#afb9e2",
  "sideBarSectionHeader.background": "#232739",
  "sideBarSectionHeader.foreground": "#afb9e2",
  "sideBarTitle.foreground": "#afb9e2",
  "statusBar.background": "#1f2230",
  "statusBar.border": "#202230",
  "statusBar.foreground": "#99a3cc",
  "statusBarItem.compactHoverBackground": "#81aaff1f",
  "statusBarItem.hoverBackground": "#81aaff1f",
  "statusBarItem.hoverForeground": "#afb9e2",
  "statusBarItem.prominentBackground": "#007acc",
  "statusBarItem.prominentForeground": "#ffffff",
  "statusBarItem.prominentHoverBackground": "#1f8ad2",
  "statusBarItem.prominentHoverForeground": "#ffffff",
  "statusBarItem.remoteBackground": "#007acc",
  "statusBarItem.remoteForeground": "#ffffff",
  "statusBarItem.remoteHoverBackground": "#1f8ad2",
  "statusBarItem.remoteHoverForeground": "#ffffff",
  "tab.activeBackground": "#1a1b26",
  "tab.activeBorderTop": "#7dcfff",
  "tab.activeForeground": "#afb9e2",
  "tab.hoverBackground": "#81aaff1f",
  "tab.hoverForeground": "#afb9e2",
  "tab.inactiveBackground": "#1f2230",
  "tab.inactiveForeground": "#99a3cc",
  "titleBar.activeBackground": "#1f2230",
  "titleBar.activeForeground": "#8991b3",
  "titleBar.border": "#202230",
  "titleBar.inactiveBackground": "#1f2230",
  "titleBar.inactiveForeground": "#8087a7",
}
`;
