// Jest Snapshot v1, https://jestjs.io/docs/snapshot-testing

exports[`Theme partial snapshot: lists & panels should match lists/panels snapshot 1`] = `
{
  "badge.background": "#007acc",
  "badge.foreground": "#ffffff",
  "breadcrumb.activeSelectionForeground": "#afb9e2",
  "breadcrumb.focusForeground": "#afb9e2",
  "breadcrumb.foreground": "#99a3cc",
  "button.background": "#007acc",
  "button.border": "#29acf8",
  "button.foreground": "#ffffff",
  "button.hoverBackground": "#0d7fd1",
  "button.secondaryBackground": "#1f2230",
  "button.secondaryForeground": "#afb9e2",
  "button.secondaryHoverBackground": "#232634",
  "button.separator": "#202230",
  "dropdown.background": "#1a1b26",
  "dropdown.border": "#202230",
  "dropdown.foreground": "#afb9e2",
  "dropdown.listBackground": "#1a1b26",
  "editorStickyScroll.background": "#1f2230",
  "editorStickyScrollHover.background": "#727fb01f",
  "input.background": "#1f2230",
  "input.border": "#202230",
  "input.foreground": "#afb9e2",
  "input.placeholderForeground": "#8991b3",
  "inputOption.activeBorder": "#29acf8",
  "list.activeSelectionBackground": "#88b0ff42",
  "list.activeSelectionForeground": "#afb9e2",
  "list.dropBackground": "#23273933",
  "list.filterMatchBackground": "#36b5ff29",
  "list.filterMatchBorder": "#29acf899",
  "list.focusBackground": "#88b0ff42",
  "list.focusForeground": "#afb9e2",
  "list.highlightForeground": "#29acf8",
  "list.hoverBackground": "#727fb01f",
  "list.hoverForeground": "#afb9e2",
  "list.inactiveSelectionBackground": "#727fb01f",
  "list.inactiveSelectionForeground": "#afb9e2",
  "menu.background": "#1a1b26",
  "menu.border": "#202230",
  "menu.foreground": "#afb9e2",
  "menu.selectionBackground": "#00000000",
  "menu.selectionBorder": "#29acf8",
  "menu.selectionForeground": "#afb9e2",
  "menu.separatorBackground": "#363c55",
  "menubar.selectionBackground": "#00000000",
  "menubar.selectionBorder": "#29acf8",
  "menubar.selectionForeground": "#afb9e2",
  "panel.background": "#1a1b26",
  "panel.border": "#202230",
  "panelSection.border": "#363c55",
  "panelSection.dropBackground": "#23273933",
  "panelSectionHeader.background": "#1a1b26",
  "panelSectionHeader.border": "#363c55",
  "panelSectionHeader.foreground": "#afb9e2",
  "panelTitle.activeBorder": "#7dcfff",
  "panelTitle.activeForeground": "#8991b3",
  "panelTitle.inactiveForeground": "#99a3cc",
  "panelTitleBadge.background": "#007acc",
  "panelTitleBadge.foreground": "#ffffff",
  "quickInput.background": "#1f2230",
  "quickInput.foreground": "#afb9e2",
  "quickInputList.focusBackground": "#88b0ff42",
  "quickInputList.focusForeground": "#afb9e2",
  "quickInputTitle.background": "#232739",
  "toolbar.activeBackground": "#7dcfff33",
  "toolbar.hoverBackground": "#727fb01f",
  "toolbar.hoverOutline": "#00000000",
}
`;
